[01/Aug/1995:00:54:59 -0400] "GET /images/opf-logo.gif HTTP/1.0" 200 32511
[01/Aug/1995:00:55:04 -0400] "GET /images/ksclogosmall.gif HTTP/1.0" 200 3635
[01/Aug/1995:00:55:06 -0400] "GET /images/ksclogosmall.gif HTTP/1.0" 403 298
[01/Aug/1995:00:55:09 -0400] "GET /images/ksclogosmall.gif HTTP/1.0" 200 3635
[01/Aug/1995:00:55:18 -0400] "GET /images/opf-logo.gif HTTP/1.0" 200 32511
[01/Aug/1995:00:55:09 -0400] "GET /images/ksclogosmall.gif HTTP/1.0" 200 3635
[01/Aug/1995:00:55:09 -0400] "GET /images/ksclogosmall1.gif HTTP/1.0" 200 3635
[01/Aug/1995:00:55:09 -0400] "GET /images/ksclogosmall1.gif HTTP/1.0" 200 3635
[01/Aug/1995:00:55:09 -0400] "GET /images/ksclogosmall4.gif HTTP/1.0" 200 3635
[01/Aug/1995:00:55:09 -0400] "GET /images/ksclogosmall4.gif HTTP/1.0" 200 3635
[01/Aug/1995:00:55:09 -0400] "GET /images/ksclogosmall4.gif HTTP/1.0" 200 3635
[01/Aug/1995:00:55:09 -0400] "GET /images/ksclogosmall4.gif HTTP/1.0" 200 3635
[01/Aug/1995:00:56:52 -0400] "GET /images/ksclogosmall4.gif HTTP/1.0" 200 363
[01/Aug/1995:00:55:09 -0400] "GET /images/ksclogosmall4.gif HTTP/1.0" 200 3635
[01/Aug/1995:00:55:09 -0400] "GET /images/ksclogosmall5.gif HTTP/1.0" 200 3635
[01/Aug/1995:00:56:52 -0400] "GET /images/ksclogosmall6.gif HTTP/1.0" 200 363
[01/Aug/1995:00:55:09 -0400] "GET /images/ksclogosmall6.gif HTTP/1.0" 200 3635
[01/Aug/1995:00:55:09 -0400] "GET /images/ksclogosmall7.gif HTTP/1.0" 200 3635
[01/Aug/1995:00:56:52 -0400] "GET /images/ksclogosmall9.gif HTTP/1.0" 200 363
[01/Aug/1995:00:56:52 -0400] "GET /images/ksclogosmall11.gif HTTP/1.0" 200 363
[01/Aug/1995:00:56:52 -0400] "GET /images/ksclogosmall11.gif HTTP/1.0" 200 363
[01/Aug/1995:00:56:52 -0400] "GET /images/ksclogosmall14.gif HTTP/1.0" 200 363
[01/Aug/1995:00:56:52 -0400] "GET /images/ksclogosl11.gif HTTP/1.0" 200 363
[01/Aug/1995:00:56:52 -0400] "GET /images/ksclogoll11.gif HTTP/1.0" 200 363
